[2026-07-08T23:49:36.161-0500] {local_task_job_runner.py:120} INFO - ::group::Pre task execution logs
[2026-07-08T23:49:36.195-0500] {taskinstance.py:2076} INFO - Dependencies all met for dep_context=non-requeueable deps ti=<TaskInstance: aerotrack_travel_estado_real_vuelo.consultar_vuelos_proximos scheduled__2026-07-08T00:00:00+00:00 [queued]>
[2026-07-08T23:49:36.201-0500] {taskinstance.py:2076} INFO - Dependencies all met for dep_context=requeueable deps ti=<TaskInstance: aerotrack_travel_estado_real_vuelo.consultar_vuelos_proximos scheduled__2026-07-08T00:00:00+00:00 [queued]>
[2026-07-08T23:49:36.203-0500] {taskinstance.py:2306} INFO - Starting attempt 1 of 2
[2026-07-08T23:49:36.215-0500] {taskinstance.py:2330} INFO - Executing <Task(_PythonDecoratedOperator): consultar_vuelos_proximos> on 2026-07-08 00:00:00+00:00
[2026-07-08T23:49:36.221-0500] {standard_task_runner.py:90} INFO - Running: ['airflow', 'tasks', 'run', 'aerotrack_travel_estado_real_vuelo', 'consultar_vuelos_proximos', 'scheduled__2026-07-08T00:00:00+00:00', '--job-id', '7', '--raw', '--subdir', 'DAGS_FOLDER/dag_estado_real_vuelo.py', '--cfg-path', '/tmp/tmpg2z45nja']
[2026-07-08T23:49:36.224-0500] {standard_task_runner.py:91} INFO - Job 7: Subtask consultar_vuelos_proximos
[2026-07-08T23:49:36.225-0500] {logging_mixin.py:188} WARNING - /home/airflow/.local/lib/python3.12/site-packages/airflow/task/task_runner/standard_task_runner.py:62 DeprecationWarning: This process (pid=4314) is multi-threaded, use of fork() may lead to deadlocks in the child.
[2026-07-08T23:49:36.226-0500] {standard_task_runner.py:64} INFO - Started process 4315 to run task
[2026-07-08T23:49:36.296-0500] {task_command.py:426} INFO - Running <TaskInstance: aerotrack_travel_estado_real_vuelo.consultar_vuelos_proximos scheduled__2026-07-08T00:00:00+00:00 [running]> on host 0042cc20cff9
[2026-07-08T23:49:36.375-0500] {taskinstance.py:2648} INFO - Exporting env vars: AIRFLOW_CTX_DAG_OWNER='aerotrack-travel' AIRFLOW_CTX_DAG_ID='aerotrack_travel_estado_real_vuelo' AIRFLOW_CTX_TASK_ID='consultar_vuelos_proximos' AIRFLOW_CTX_EXECUTION_DATE='2026-07-08T00:00:00+00:00' AIRFLOW_CTX_TRY_NUMBER='1' AIRFLOW_CTX_DAG_RUN_ID='scheduled__2026-07-08T00:00:00+00:00'
[2026-07-08T23:49:36.376-0500] {taskinstance.py:430} INFO - ::endgroup::
[2026-07-08T23:49:36.829-0500] {logging_mixin.py:188} INFO - [FLIGHT-STATUS] cuota: 9/90 llamadas usadas este mes
[2026-07-08T23:49:37.040-0500] {logging_mixin.py:188} INFO - [FLIGHT-STATUS] cuota: 10/90 llamadas usadas este mes
[2026-07-08T23:49:37.041-0500] {logging_mixin.py:188} INFO - [ESTADO-REAL] {'vuelos_en_ventana': 60, 'reservas_activas_evaluadas': 5, 'vuelos_unicos_con_reserva_en_ventana': 2, 'consultados': 2, 'llamadas_reales': 2, 'degradados_por_cuota': 0, 'disrupciones_detectadas': 0}
[2026-07-08T23:49:37.042-0500] {python.py:237} INFO - Done. Returned value was: {'vuelos_en_ventana': 60, 'reservas_activas_evaluadas': 5, 'vuelos_unicos_con_reserva_en_ventana': 2, 'consultados': 2, 'llamadas_reales': 2, 'degradados_por_cuota': 0, 'disrupciones_detectadas': 0}
[2026-07-08T23:49:37.042-0500] {taskinstance.py:441} INFO - ::group::Post task execution logs
[2026-07-08T23:49:37.078-0500] {taskinstance.py:1206} INFO - Marking task as SUCCESS. dag_id=aerotrack_travel_estado_real_vuelo, task_id=consultar_vuelos_proximos, run_id=scheduled__2026-07-08T00:00:00+00:00, execution_date=20260708T000000, start_date=20260709T044936, end_date=20260709T044937
[2026-07-08T23:49:37.125-0500] {local_task_job_runner.py:243} INFO - Task exited with return code 0
[2026-07-08T23:49:37.138-0500] {taskinstance.py:3503} INFO - 0 downstream tasks scheduled from follow-on schedule check
[2026-07-08T23:49:37.140-0500] {local_task_job_runner.py:222} INFO - ::endgroup::
