[2026-07-08T23:49:34.600-0500] {local_task_job_runner.py:120} INFO - ::group::Pre task execution logs
[2026-07-08T23:49:34.654-0500] {taskinstance.py:2076} INFO - Dependencies all met for dep_context=non-requeueable deps ti=<TaskInstance: aerotrack_travel_estado_real_vuelo.probar_conexion scheduled__2026-07-08T00:00:00+00:00 [queued]>
[2026-07-08T23:49:34.662-0500] {taskinstance.py:2076} INFO - Dependencies all met for dep_context=requeueable deps ti=<TaskInstance: aerotrack_travel_estado_real_vuelo.probar_conexion scheduled__2026-07-08T00:00:00+00:00 [queued]>
[2026-07-08T23:49:34.662-0500] {taskinstance.py:2306} INFO - Starting attempt 1 of 2
[2026-07-08T23:49:34.676-0500] {taskinstance.py:2330} INFO - Executing <Task(_PythonDecoratedOperator): probar_conexion> on 2026-07-08 00:00:00+00:00
[2026-07-08T23:49:34.686-0500] {standard_task_runner.py:90} INFO - Running: ['airflow', 'tasks', 'run', 'aerotrack_travel_estado_real_vuelo', 'probar_conexion', 'scheduled__2026-07-08T00:00:00+00:00', '--job-id', '6', '--raw', '--subdir', 'DAGS_FOLDER/dag_estado_real_vuelo.py', '--cfg-path', '/tmp/tmpc_gb1fa1']
[2026-07-08T23:49:34.690-0500] {standard_task_runner.py:91} INFO - Job 6: Subtask probar_conexion
[2026-07-08T23:49:34.690-0500] {logging_mixin.py:188} WARNING - /home/airflow/.local/lib/python3.12/site-packages/airflow/task/task_runner/standard_task_runner.py:62 DeprecationWarning: This process (pid=4312) is multi-threaded, use of fork() may lead to deadlocks in the child.
[2026-07-08T23:49:34.691-0500] {standard_task_runner.py:64} INFO - Started process 4313 to run task
[2026-07-08T23:49:34.757-0500] {task_command.py:426} INFO - Running <TaskInstance: aerotrack_travel_estado_real_vuelo.probar_conexion scheduled__2026-07-08T00:00:00+00:00 [running]> on host 0042cc20cff9
[2026-07-08T23:49:34.854-0500] {taskinstance.py:2648} INFO - Exporting env vars: AIRFLOW_CTX_DAG_OWNER='aerotrack-travel' AIRFLOW_CTX_DAG_ID='aerotrack_travel_estado_real_vuelo' AIRFLOW_CTX_TASK_ID='probar_conexion' AIRFLOW_CTX_EXECUTION_DATE='2026-07-08T00:00:00+00:00' AIRFLOW_CTX_TRY_NUMBER='1' AIRFLOW_CTX_DAG_RUN_ID='scheduled__2026-07-08T00:00:00+00:00'
[2026-07-08T23:49:34.859-0500] {taskinstance.py:430} INFO - ::endgroup::
[2026-07-08T23:49:35.464-0500] {logging_mixin.py:188} INFO - [FLIGHT-STATUS] cuota: 8/90 llamadas usadas este mes
[2026-07-08T23:49:35.465-0500] {logging_mixin.py:188} INFO - [ESTADO-REAL] Prueba de conexión -> {'encontrado': True, 'proveedor': 'aviationstack', 'numero_vuelo': 'AA100', 'estado_raw': 'active', 'cancelado': False, 'desviado': False, 'retraso_min': None, 'aeropuerto_salida': 'JFK', 'hora_salida_programada': '2026-07-08T18:05:00+00:00', 'hora_salida_estimada': '2026-07-08T18:05:00+00:00'}
[2026-07-08T23:49:35.465-0500] {python.py:237} INFO - Done. Returned value was: {'encontrado': True, 'proveedor': 'aviationstack', 'numero_vuelo': 'AA100', 'estado_raw': 'active', 'cancelado': False, 'desviado': False, 'retraso_min': None, 'aeropuerto_salida': 'JFK', 'hora_salida_programada': '2026-07-08T18:05:00+00:00', 'hora_salida_estimada': '2026-07-08T18:05:00+00:00'}
[2026-07-08T23:49:35.466-0500] {taskinstance.py:441} INFO - ::group::Post task execution logs
[2026-07-08T23:49:35.504-0500] {taskinstance.py:1206} INFO - Marking task as SUCCESS. dag_id=aerotrack_travel_estado_real_vuelo, task_id=probar_conexion, run_id=scheduled__2026-07-08T00:00:00+00:00, execution_date=20260708T000000, start_date=20260709T044934, end_date=20260709T044935
[2026-07-08T23:49:35.549-0500] {local_task_job_runner.py:243} INFO - Task exited with return code 0
[2026-07-08T23:49:35.567-0500] {taskinstance.py:3503} INFO - 1 downstream tasks scheduled from follow-on schedule check
[2026-07-08T23:49:35.569-0500] {local_task_job_runner.py:222} INFO - ::endgroup::
